// Jest Snapshot v1, https://goo.gl/fbAQLP

exports[`<App /> suite renders App correctly 1`] = `ReactWrapper {}`;
